#-----------------------------------------------------------
# Vivado v2018.1 (64-bit)
# SW Build 2188600 on Wed Apr  4 18:40:38 MDT 2018
# IP Build 2185939 on Wed Apr  4 20:55:05 MDT 2018
# Start of session at: Sat May  4 07:17:24 2024
# Process ID: 1816
# Current directory: C:/Vivado/Lab9-10
# Command line: vivado.exe -gui_launcher_event rodinguilauncherevent16244 C:\Vivado\Lab9-10\Lab9-10.xpr
# Log file: C:/Vivado/Lab9-10/vivado.log
# Journal file: C:/Vivado/Lab9-10\vivado.jou
#-----------------------------------------------------------
start_gui
open_project C:/Vivado/Lab9-10/Lab9-10.xpr
update_compile_order -fileset sources_1
# Disabling source management mode.  This is to allow the top design properties to be set without GUI intervention.
set_property source_mgmt_mode None [current_project]
set_property top Nano_Processor_with_out [current_fileset]
# Re-enabling previously disabled source management mode.
set_property source_mgmt_mode All [current_project]
update_compile_order -fileset sources_1
synth_design -rtl -name rtl_1
# Disabling source management mode.  This is to allow the top design properties to be set without GUI intervention.
set_property source_mgmt_mode None [current_project]
set_property top TB_Nano_Processor_7segment [get_filesets sim_1]
set_property top_lib xil_defaultlib [get_filesets sim_1]
# Re-enabling previously disabled source management mode.
set_property source_mgmt_mode All [current_project]
update_compile_order -fileset sim_1
launch_simulation
source TB_Nano_Processor_7segment.tcl
reset_run synth_1
launch_runs impl_1 -jobs 6
wait_on_run impl_1
open_run impl_1
open_run synth_1 -name synth_1
report_utilization -file {C:/Users/npafe/Desktop/Report utilization.txt} -name utilization_1
close_sim
